[06:00:11] [ServerMain/INFO]: [bootstrap] Running Java 21 (OpenJDK 64-Bit Server VM 21.0.9+10-Ubuntu-124.04; Ubuntu null) on Linux 6.8.0-1030-azure (amd64)
[06:00:11] [ServerMain/INFO]: [bootstrap] Loading Paper 1.21.1-57-master@b483da4 (2024-09-01T18:09:05Z) for Minecraft 1.21.1
[06:00:11] [ServerMain/INFO]: [PluginInitializerManager] Initializing plugins...
[06:00:12] [ServerMain/INFO]: [PluginInitializerManager] Initialized 1 plugin
[06:00:12] [ServerMain/INFO]: [PluginInitializerManager] Bukkit plugins (1):
 - SkinsRestorer (15.9.3)
[06:00:18] [ServerMain/INFO]: Environment: Environment[sessionHost=https://sessionserver.mojang.com, servicesHost=https://api.minecraftservices.com, name=PROD]
[06:00:22] [ServerMain/INFO]: Loaded 1305 recipes
[06:00:22] [ServerMain/INFO]: Loaded 1455 advancements
[06:00:23] [Server thread/INFO]: Starting minecraft server version 1.21.1
[06:00:23] [Server thread/INFO]: Loading properties
[06:00:23] [Server thread/INFO]: This server is running Paper version 1.21.1-57-master@b483da4 (2024-09-01T18:09:05Z) (Implementing API version 1.21.1-R0.1-SNAPSHOT)
[06:00:24] [Server thread/INFO]: [spark] This server bundles the spark profiler. For more information please visit https://docs.papermc.io/paper/profiling
[06:00:24] [Server thread/INFO]: Server Ping Player Sample Count: 12
[06:00:24] [Server thread/INFO]: Using 4 threads for Netty based IO
[06:00:25] [Server thread/INFO]: [ChunkTaskScheduler] Chunk system is using 1 I/O threads, 1 worker threads, and population gen parallelism of 1 threads
[06:00:25] [Server thread/INFO]: Default game type: SURVIVAL
[06:00:25] [Server thread/INFO]: Generating keypair
[06:00:25] [Server thread/INFO]: Starting Minecraft server on *:25565
[06:00:26] [Server thread/INFO]: Using epoll channel type
[06:00:26] [Server thread/INFO]: Paper: Using libdeflate (Linux x86_64) compression from Velocity.
[06:00:26] [Server thread/INFO]: Paper: Using OpenSSL 3.0.x (Linux x86_64) cipher from Velocity.
[06:00:26] [Server thread/INFO]: [SkinsRestorer] Loading server plugin SkinsRestorer v15.9.3
[06:00:26] [Server thread/INFO]: Server permissions file permissions.yml is empty, ignoring it
[06:00:26] [Server thread/INFO]: [SkinsRestorer] Enabling SkinsRestorer v15.9.3
[06:00:29] [Server thread/INFO]: [SkinsRestorer] Running on Minecraft 1.21.1.
[06:00:31] [Server thread/INFO]: [SkinsRestorer] Using paper join listener!
[06:00:31] [Server thread/WARN]: **** SERVER IS RUNNING IN OFFLINE/INSECURE MODE!
[06:00:31] [Server thread/WARN]: The server will make no attempt to authenticate usernames. Beware.
[06:00:31] [Server thread/WARN]: While this makes the game possible to play without internet access, it also opens up the ability for hackers to connect with any username they choose.
[06:00:31] [Server thread/WARN]: To change this, set "online-mode" to "true" in the server.properties file.
[06:00:31] [Server thread/INFO]: Preparing level "world"
[06:00:31] [Folia Async Scheduler Thread #1/INFO]: [SkinsRestorer] ----------------------------------------------
[06:00:31] [Folia Async Scheduler Thread #1/INFO]: [SkinsRestorer]     +==================+
[06:00:31] [Folia Async Scheduler Thread #1/INFO]: [SkinsRestorer]     |   SkinsRestorer  |
[06:00:31] [Folia Async Scheduler Thread #1/INFO]: [SkinsRestorer]     |------------------|
[06:00:31] [Folia Async Scheduler Thread #1/INFO]: [SkinsRestorer]     |  Standalone Mode |
[06:00:31] [Folia Async Scheduler Thread #1/INFO]: [SkinsRestorer]     +==================+
[06:00:31] [Folia Async Scheduler Thread #1/INFO]: [SkinsRestorer] ----------------------------------------------
[06:00:31] [Folia Async Scheduler Thread #1/INFO]: [SkinsRestorer]     Version: 15.9.3
[06:00:31] [Folia Async Scheduler Thread #1/INFO]: [SkinsRestorer]     Commit: 989bf18
[06:00:31] [Folia Async Scheduler Thread #1/INFO]: [SkinsRestorer]     This is the latest version!
[06:00:31] [Folia Async Scheduler Thread #1/INFO]: [SkinsRestorer] ----------------------------------------------
[06:00:31] [Folia Async Scheduler Thread #1/INFO]: [SkinsRestorer] Do you have issues? Read our troubleshooting guide: https://skinsrestorer.net/docs/troubleshooting
[06:00:31] [Folia Async Scheduler Thread #1/INFO]: [SkinsRestorer] Want to support SkinsRestorer? Consider donating: https://skinsrestorer.net/donate
[06:00:32] [Server thread/INFO]: Preparing start region for dimension minecraft:overworld
[06:00:34] [Server thread/INFO]: Time elapsed: 2228 ms
[06:00:34] [Server thread/INFO]: Preparing start region for dimension minecraft:the_nether
[06:00:35] [Server thread/INFO]: Time elapsed: 498 ms
[06:00:35] [Server thread/INFO]: Preparing start region for dimension minecraft:the_end
[06:00:35] [Server thread/INFO]: Time elapsed: 262 ms
[06:00:35] [Server thread/INFO]: [spark] Starting background profiler...
[06:00:36] [Server thread/INFO]: Done preparing level "world" (4.704s)
[06:00:36] [Server thread/INFO]: Running delayed init tasks
[06:00:36] [Server thread/INFO]: Done (26.763s)! For help, type "help"
[06:00:36] [Server thread/INFO]: Timings Reset
[06:00:44] [User Authenticator #0/INFO]: UUID of player Termostato34 is a62bbb5f-22fb-364c-8ce6-21a51aa29739
[06:00:45] [Server thread/INFO]: Termostato34 joined the game
[06:00:45] [Server thread/INFO]: Termostato34[/127.100.226.108:50601] logged in with entity id 144 at ([world]34.65718724334157, 62.0, 16.392505838387237)
[06:00:50] [Async Chat Thread - #1/INFO]: [Not Secure] <Termostato34> wat
[06:02:08] [Server thread/WARN]: [ca.spottedleaf.moonrise.patches.chunk_system.level.entity.EntityLookup] Entity uuid already exists: 105b8f81-49f3-4e6f-a092-5ea202e16a1d, mapped to Ghast['Ghast'/248, uuid='105b8f81-49f3-4e6f-a092-5ea202e16a1d', l='ServerLevel[world_nether]', x=-79.60, y=72.26, z=-115.58, cpos=[-5, -8], tl=357, v=true], can't add Ghast['Ghast'/249, uuid='105b8f81-49f3-4e6f-a092-5ea202e16a1d', l='ServerLevel[world_nether]', x=-81.57, y=72.59, z=-115.86, cpos=[-6, -8], tl=365, v=false]
[06:02:19] [Server thread/WARN]: [ca.spottedleaf.moonrise.patches.chunk_system.level.entity.EntityLookup] Entity uuid already exists: aa4b893d-716c-45b3-9525-a7cdc0ffdbc5, mapped to Hoglin['Hoglin'/240, uuid='aa4b893d-716c-45b3-9525-a7cdc0ffdbc5', l='ServerLevel[world_nether]', x=10.14, y=68.00, z=-188.01, cpos=[0, -12], tl=111, v=true], can't add Hoglin['Hoglin'/260, uuid='aa4b893d-716c-45b3-9525-a7cdc0ffdbc5', l='ServerLevel[world_nether]', x=18.62, y=68.00, z=-197.43, cpos=[1, -13], tl=209, v=false]
[06:02:19] [Server thread/WARN]: [ca.spottedleaf.moonrise.patches.chunk_system.level.entity.EntityLookup] Entity uuid already exists: d483dbb1-9443-4f0e-8c8e-9a3d92f5652d, mapped to Hoglin['Hoglin'/239, uuid='d483dbb1-9443-4f0e-8c8e-9a3d92f5652d', l='ServerLevel[world_nether]', x=8.02, y=71.00, z=-182.96, cpos=[0, -12], tl=164, v=true], can't add Hoglin['Hoglin'/261, uuid='d483dbb1-9443-4f0e-8c8e-9a3d92f5652d', l='ServerLevel[world_nether]', x=18.25, y=68.00, z=-194.39, cpos=[1, -13], tl=262, v=false]
[06:02:19] [Server thread/WARN]: [ca.spottedleaf.moonrise.patches.chunk_system.level.entity.EntityLookup] Entity uuid already exists: 65b9d906-4819-4931-ac56-d98c0e6f2cb8, mapped to Hoglin['Hoglin'/241, uuid='65b9d906-4819-4931-ac56-d98c0e6f2cb8', l='ServerLevel[world_nether]', x=6.23, y=68.00, z=-189.54, cpos=[0, -12], tl=111, v=true], can't add Hoglin['Hoglin'/262, uuid='65b9d906-4819-4931-ac56-d98c0e6f2cb8', l='ServerLevel[world_nether]', x=17.83, y=68.00, z=-195.91, cpos=[1, -13], tl=209, v=false]
[06:02:19] [Server thread/WARN]: [ca.spottedleaf.moonrise.patches.chunk_system.level.entity.EntityLookup] Entity uuid already exists: 3d09ecf6-b97c-41ac-a4d7-556219ab0d46, mapped to Ghast['Ghast'/255, uuid='3d09ecf6-b97c-41ac-a4d7-556219ab0d46', l='ServerLevel[world_nether]', x=-103.36, y=43.34, z=-183.79, cpos=[-7, -12], tl=93, v=true], can't add Ghast['Ghast'/263, uuid='3d09ecf6-b97c-41ac-a4d7-556219ab0d46', l='ServerLevel[world_nether]', x=-99.95, y=50.59, z=-192.05, cpos=[-7, -13], tl=136, v=false]
[06:02:22] [Server thread/WARN]: [ca.spottedleaf.moonrise.patches.chunk_system.level.entity.EntityLookup] Entity uuid already exists: d970278a-ad84-433d-b96c-4abd025f2106, mapped to Hoglin['Hoglin'/265, uuid='d970278a-ad84-433d-b96c-4abd025f2106', l='ServerLevel[world_nether]', x=41.44, y=98.00, z=-206.95, cpos=[2, -13], tl=186, v=true], can't add Hoglin['Hoglin'/289, uuid='d970278a-ad84-433d-b96c-4abd025f2106', l='ServerLevel[world_nether]', x=39.58, y=98.00, z=-208.89, cpos=[2, -14], tl=312, v=false]
